Unable to connect to request peer
Not connected to any peers
Unknown peer, not connected
Not connected to any peers
