Unable to connect to request peer
Unknown peer, not connected
