Identifier provided does not match managed packages
No packages managed
